border_size=1
usage=map

Re          ,Re          , Re          , Hh          , Hh          , Gs^Fp       , Gs      , Gs^Fp       , Gg          , Hh          , Hh          , Hh          , Hh      , Hh          , Hh          , Hh          , Hh          , Hh          , Hh          , Mm          , Mm          , Mm          
Re          ,Re          , Re          , Hh          , Hh          , Gs^Fp       , Gs^Vht      , Gs^Fp       , Gg          , Hh          , Hh          , Hh          , Hh^Vhh      , Hh          , Hh          , Hh          , Hh          , Hh          , Hh          , Mm          , Mm          , Mm          
Hh          ,Hh          , Hh          , Re          , 4 Ke        , Ce          , Gg          , Hh          , Gs^Fp       , Gg          , Gg          , Gg          , Cud         , Gg          , Gg          , Gg          , Hh          , Hh          , Hh^Vhh      , Hh          , Mm          , Mm          
Hh          ,Hh          , Gg          , Gg          , Ce          , Ce          , Ggf         , Gs^Fp       , Gs^Fp       , Hh          , Hh          , Gg          , Cud         , 3 Kud       , Hh          , Gg          , Hh          , Hh          , Hh          , Hh          , Mm          , Mm          
Hh          ,Hh          , Gg          , Gg          , Gg          , Gg          , Gg          , Hh          , Hh^Vhh      , Hh          , Hh          , Gg          , Gg          , Cud         , Gg          , Ggf         , Gs^Fp       , Hh          , Hh          , Mm          , Mm          , Mm          
Hh          ,Hh          , Hh          , Gg          , Gg          , Gg          , Gg          , Gg          , Ggf         , Hh          , Mm          , Hh          , Hh          , Gg          , Gg          , Gs^Fp       , Gs^Fp       , Gs^Fp       , Hh          , Mm          , Xu          , Xu          
Hh          ,Hh          , Hh          , Hh^Vhh      , Hh          , Gg          , Gg          , Gg          , Gs^Fp       , Hh          , Hh          , Mm          , Hh          , Gg          , Ce          , Gg          , Gg^Vh       , Gs^Fp       , Xu          , Xu          , Xu          , Xu          
Hh          ,Hh          , Gg          , Hh          , Gs^Fp       , Hh          , Gg          , Gs^Fp       , Gs^Fp       , Gs^Fp       , Gg          , Mm^Vhh      , Gg          , Gg          , Ce          , Ce          , Gg          , Re^Uf       , Uu^Ii       , Xu          , Uu          , Uu          
Gs^Fp       ,Gs^Fp       , Gs^Fp       , Gg          , Gg          , Hh          , Hh          , Gg          , Re          , Re          , Re          , Gg          , Re          , Gg          , Ggf         , 1 Ke        , Re          , Re          , Uu^Uf       , Uu^Uf       , Uu          , Uu          
Gs^Fp       ,Gs^Fp       , Gg^Vh       , Gs^Fp       , Gs^Fp       , Gg          , Re          , Re          , Gg          , Gg          , Gg^Vh       , Re          , Gg          , Re          , Re          , Re          , 2 Ke        , Re          , Re^Uf       , Uu^Ii       , Uu          , Uu          
Gs^Fp       ,Gs^Fp       , Gs^Fp       , Gs^Fp       , Gg          , Gg          , Re          , Hh          , Gg          , Hh          , Hh          , Hh          , Hh          , Gs^Fp       , Gs^Fp       , Ce          , Ce          , Re          , Re          , Uu^Uf       , Uu          , Uu          
Gs^Fp       ,Gs^Fp       , Gs^Fp       , Gg          , Re          , Re          , Gg          , Hh          , Hh          , Hh          , Hh          , Hh          , Hh          , Hh          , Gs^Fp       , Ce          , Gg          , Gs^Fp       , Re^Uf       , Xu          , Xu          , Xu          
Gs^Fp       ,Gs^Fp       , Gs^Fp       , Gg          , Re          , Ggf         , Hh          , Hh          , Hh          , Mm^Vhh      , Mm          , Mm          , Mm          , Hh          , Hh          , Ggf         , Hh          , Hh          , Gs^Fp       , Xu          , Xu          , Xu          
Gs^Fp       ,Gs^Fp       , Gs^Fp       , Gg          , Re          , Gg^Vh       , Gs^Fp       , Gs^Fp       , Gg          , Hh          , Hh          , Mm          , Mm          , Mm          , Mm          , Hh          , Mm^Vhh      , Hh          , Hh          , Gs^Fp       , Gs^Fp       , Gs^Fp       
Gs^Fp       ,Gs^Fp       , Gs^Fp       , Gs^Fp       , Re          , Gs^Fp       , Gs^Fp       , Gs^Fp       , Gg          , Gg          , Hh          , Hh          , Hh          , Mm          , Mm          , Mm          , Hh          , Gs^Fp       , Gs^Fp       , Gs^Fp       , Gs^Fp       , Gs^Fp       
Gs^Fp       ,Gs^Fp       , Gs^Fp       , Gs^Fp       , Ggf         , Re          , Re          , Re          , Ce          , Gg          , Hh          , Hh          , Hh          , Hh          , Hh          , Mm          , Hh          , Hh          , Gs^Fp       , Gs^Vht      , Gs^Fp       , Gs^Fp       
Gs^Fp       ,Gs^Fp       , Hh^Vhh      , Hh          , Hh          , Gs^Fp       , Gs^Fp       , Gs^Fp       , Ce          , Ce          , Ce          , Gg          , Gg          , Hh          , Hh^Vhh      , Hh          , Gs^Fp       , Hh          , Gs^Fp       , Gs^Fp       , Ss          , Ss          
Gs^Fp       ,Gs^Fp       , Gs^Fp       , Hh          , Gg          , Hh          , Gg          , Gs^Fp       , 5 Ke        , Ce          , Gg          , Gg          , Gs^Fp       , Gg          , Hh          , Hh          , Hh          , Gs^Fp       , Ss          , Ss          , Gs^Fp       , Gs^Fp       
Gs^Fp       ,Gs^Fp       , Gs^Fp       , Gg          , Gs^Fp       , Gg          , Re          , Re          , Gg          , Gg          , Gg          , Gs^Fp       , Gs^Fp       , Gg          , Gg          , Gg          , Ss          , Ss          , Gs^Fp       , Ss          , Ss          , Ss          
Gs^Fp       ,Gs^Fp       , Re          , Gs^Fp       , Re          , Re          , Ss          , Ss          , Ss          , Gg          , Ss          , Ss          , Ss          , Ss          , Ss          , Gs^Fp       , Ss          , Ss^Vhs      , Ss          , Gs^Fp       , Ss          , Ss          
Re          ,Re          , Gs^Fp       , Re          , Gs^Fp       , Ss          , Ss          , Ss^Vhs      , Gs^Fp       , Ss          , Ss          , Gs^Fp       , Ss          , Gs^Fp       , Ss          , Ss          , Ss          , Ss          , Gs^Fp       , Ss          , Ss          , Ss          
Re          ,Re          , Gs^Fp       , Re          , Gs^Fp       , Ss          , Ss          , Ss      , Gs^Fp       , Ss          , Ss          , Gs^Fp       , Ss          , Gs^Fp       , Ss          , Ss          , Ss          , Ss          , Gs^Fp       , Ss          , Ss          , Ss          
